[2025-04-10T22:42:40.235+0000] {taskinstance.py:1157} INFO - Dependencies all met for dep_context=non-requeueable deps ti=<TaskInstance: generate_and_verify_data.check_minio_file scheduled__2023-01-07T19:00:00+00:00 [queued]>
[2025-04-10T22:42:40.277+0000] {taskinstance.py:1157} INFO - Dependencies all met for dep_context=requeueable deps ti=<TaskInstance: generate_and_verify_data.check_minio_file scheduled__2023-01-07T19:00:00+00:00 [queued]>
[2025-04-10T22:42:40.278+0000] {taskinstance.py:1359} INFO - Starting attempt 1 of 2
[2025-04-10T22:42:40.312+0000] {taskinstance.py:1380} INFO - Executing <Task(PythonOperator): check_minio_file> on 2023-01-07 19:00:00+00:00
[2025-04-10T22:42:40.323+0000] {standard_task_runner.py:57} INFO - Started process 1044 to run task
[2025-04-10T22:42:40.330+0000] {standard_task_runner.py:84} INFO - Running: ['***', 'tasks', 'run', 'generate_and_verify_data', 'check_minio_file', 'scheduled__2023-01-07T19:00:00+00:00', '--job-id', '1431', '--raw', '--subdir', 'DAGS_FOLDER/dags_1.py', '--cfg-path', '/tmp/tmpmoo3eopt']
[2025-04-10T22:42:40.345+0000] {standard_task_runner.py:85} INFO - Job 1431: Subtask check_minio_file
[2025-04-10T22:42:40.507+0000] {task_command.py:415} INFO - Running <TaskInstance: generate_and_verify_data.check_minio_file scheduled__2023-01-07T19:00:00+00:00 [running]> on host 0821f6066d6a
[2025-04-10T22:42:40.671+0000] {taskinstance.py:1660} INFO - Exporting env vars: AIRFLOW_CTX_DAG_OWNER='***' AIRFLOW_CTX_DAG_ID='generate_and_verify_data' AIRFLOW_CTX_TASK_ID='check_minio_file' AIRFLOW_CTX_EXECUTION_DATE='2023-01-07T19:00:00+00:00' AIRFLOW_CTX_TRY_NUMBER='1' AIRFLOW_CTX_DAG_RUN_ID='scheduled__2023-01-07T19:00:00+00:00'
[2025-04-10T22:42:55.508+0000] {local_task_job_runner.py:294} WARNING - State of this instance has been externally set to removed. Terminating instance.
[2025-04-10T22:42:55.520+0000] {process_utils.py:131} INFO - Sending 15 to group 1044. PIDs of all processes in the group: [1044]
[2025-04-10T22:42:55.527+0000] {process_utils.py:86} INFO - Sending the signal 15 to group 1044
[2025-04-10T22:42:55.529+0000] {taskinstance.py:1630} ERROR - Received SIGTERM. Terminating subprocesses.
[2025-04-10T22:42:55.534+0000] {taskinstance.py:1935} ERROR - Task failed with exception
Traceback (most recent call last):
  File "/opt/airflow/dags/dags_1.py", line 138, in check_minio_file
    s3.head_object(Bucket='ecommerce-data', Key='orders.csv')
  File "/home/airflow/.local/lib/python3.8/site-packages/botocore/client.py", line 535, in _api_call
    return self._make_api_call(operation_name, kwargs)
  File "/home/airflow/.local/lib/python3.8/site-packages/botocore/client.py", line 963, in _make_api_call
    http, parsed_response = self._make_request(
  File "/home/airflow/.local/lib/python3.8/site-packages/botocore/client.py", line 986, in _make_request
    return self._endpoint.make_request(operation_model, request_dict)
  File "/home/airflow/.local/lib/python3.8/site-packages/botocore/endpoint.py", line 119, in make_request
    return self._send_request(request_dict, operation_model)
  File "/home/airflow/.local/lib/python3.8/site-packages/botocore/endpoint.py", line 202, in _send_request
    while self._needs_retry(
  File "/home/airflow/.local/lib/python3.8/site-packages/botocore/endpoint.py", line 373, in _needs_retry
    time.sleep(handler_response)
  File "/home/airflow/.local/lib/python3.8/site-packages/airflow/models/taskinstance.py", line 1632, in signal_handler
    raise AirflowException("Task received SIGTERM signal")
airflow.exceptions.AirflowException: Task received SIGTERM signal

During handling of the above exception, another exception occurred:

Traceback (most recent call last):
  File "/home/airflow/.local/lib/python3.8/site-packages/airflow/operators/python.py", line 192, in execute
    return_value = self.execute_callable()
  File "/home/airflow/.local/lib/python3.8/site-packages/airflow/operators/python.py", line 209, in execute_callable
    return self.python_callable(*self.op_args, **self.op_kwargs)
  File "/opt/airflow/dags/dags_1.py", line 141, in check_minio_file
    raise Exception(f"CSV file not found in MinIO: {e}")
Exception: CSV file not found in MinIO: Task received SIGTERM signal
[2025-04-10T22:42:55.581+0000] {taskinstance.py:1398} INFO - Marking task as FAILED. dag_id=generate_and_verify_data, task_id=check_minio_file, execution_date=20230107T190000, start_date=20250410T224240, end_date=20250410T224255
[2025-04-10T22:42:55.621+0000] {standard_task_runner.py:104} ERROR - Failed to execute job 1431 for task check_minio_file (CSV file not found in MinIO: Task received SIGTERM signal; 1044)
[2025-04-10T22:42:55.684+0000] {process_utils.py:79} INFO - Process psutil.Process(pid=1044, status='terminated', exitcode=1, started='22:42:39') (1044) terminated with exit code 1
